127.0.0.1 - - [28/Dec/2018:10:03:53 +0100] "GET / HTTP/1.1" 404 1036
0:0:0:0:0:0:0:1 - - [28/Dec/2018:10:04:09 +0100] "GET /test/test.html HTTP/1.1" 404 1050
0:0:0:0:0:0:0:1 - - [28/Dec/2018:10:05:15 +0100] "GET /test/test.html HTTP/1.1" 404 1050
0:0:0:0:0:0:0:1 - - [28/Dec/2018:10:05:16 +0100] "GET /test/test.html HTTP/1.1" 404 1050
127.0.0.1 - - [28/Dec/2018:10:05:35 +0100] "GET / HTTP/1.1" 404 1036
127.0.0.1 - - [28/Dec/2018:10:05:36 +0100] "GET /test/ HTTP/1.1" 404 1041
127.0.0.1 - - [28/Dec/2018:10:05:46 +0100] "GET /test/test.html HTTP/1.1" 404 1050
127.0.0.1 - - [28/Dec/2018:10:05:53 +0100] "GET /test/test HTTP/1.1" 404 1045
0:0:0:0:0:0:0:1 - - [28/Dec/2018:10:06:17 +0100] "GET /test/test.html HTTP/1.1" 404 1050
0:0:0:0:0:0:0:1 - - [28/Dec/2018:10:06:18 +0100] "GET /test/test.html HTTP/1.1" 404 1050
0:0:0:0:0:0:0:1 - - [28/Dec/2018:10:06:19 +0100] "GET /test/test.html HTTP/1.1" 404 1050
127.0.0.1 - - [28/Dec/2018:10:07:07 +0100] "GET / HTTP/1.1" 404 1036
127.0.0.1 - - [28/Dec/2018:10:07:07 +0100] "GET /test/test.html HTTP/1.1" 200 131
0:0:0:0:0:0:0:1 - - [28/Dec/2018:10:07:11 +0100] "GET /test/test.html HTTP/1.1" 200 131
127.0.0.1 - - [28/Dec/2018:10:07:34 +0100] "GET /test/test.html HTTP/1.1" 304 -
127.0.0.1 - - [28/Dec/2018:10:07:46 +0100] "GET / HTTP/1.1" 404 1036
0:0:0:0:0:0:0:1 - - [28/Dec/2018:10:07:49 +0100] "GET /test/test.html HTTP/1.1" 200 185
127.0.0.1 - - [28/Dec/2018:10:10:50 +0100] "GET /test/WEB-INF/web.xml HTTP/1.1" 404 1013
127.0.0.1 - - [28/Dec/2018:10:11:06 +0100] "GET / HTTP/1.1" 404 1036
0:0:0:0:0:0:0:1 - - [28/Dec/2018:10:12:00 +0100] "GET /test/toto HTTP/1.1" 405 1082
0:0:0:0:0:0:0:1 - - [28/Dec/2018:10:15:02 +0100] "GET /test/toto HTTP/1.1" 200 -
127.0.0.1 - - [28/Dec/2018:10:15:02 +0100] "GET / HTTP/1.1" 404 1036
0:0:0:0:0:0:0:1 - - [28/Dec/2018:10:15:05 +0100] "GET /test/toto HTTP/1.1" 200 -
0:0:0:0:0:0:0:1 - - [28/Dec/2018:10:15:44 +0100] "GET /test/toto HTTP/1.1" 200 -
0:0:0:0:0:0:0:1 - - [28/Dec/2018:10:15:50 +0100] "GET /test/toto HTTP/1.1" 200 -
0:0:0:0:0:0:0:1 - - [28/Dec/2018:10:15:59 +0100] "GET /test/toto HTTP/1.1" 200 -
0:0:0:0:0:0:0:1 - - [28/Dec/2018:10:20:44 +0100] "GET /test/test.jsp HTTP/1.1" 200 133
127.0.0.1 - - [28/Dec/2018:10:20:52 +0100] "GET /test/test.jsp HTTP/1.1" 200 133
0:0:0:0:0:0:0:1 - - [28/Dec/2018:10:20:59 +0100] "GET /test/test.jsp HTTP/1.1" 200 205
127.0.0.1 - - [28/Dec/2018:10:22:55 +0100] "GET / HTTP/1.1" 404 1036
127.0.0.1 - - [28/Dec/2018:10:22:55 +0100] "GET /test/test.jsp HTTP/1.1" 404 1049
0:0:0:0:0:0:0:1 - - [28/Dec/2018:10:22:58 +0100] "GET /test/test.jsp HTTP/1.1" 404 1049
127.0.0.1 - - [28/Dec/2018:10:24:14 +0100] "GET /test/toto HTTP/1.1" 200 -
0:0:0:0:0:0:0:1 - - [28/Dec/2018:10:24:31 +0100] "GET /test/toto HTTP/1.1" 200 -
127.0.0.1 - - [28/Dec/2018:10:24:40 +0100] "GET / HTTP/1.1" 404 1036
0:0:0:0:0:0:0:1 - - [28/Dec/2018:10:24:58 +0100] "GET /test/toto HTTP/1.1" 200 -
0:0:0:0:0:0:0:1 - - [28/Dec/2018:10:26:01 +0100] "GET /test/toto HTTP/1.1" 200 -
127.0.0.1 - - [28/Dec/2018:10:26:41 +0100] "GET / HTTP/1.1" 404 1036
0:0:0:0:0:0:0:1 - - [28/Dec/2018:10:27:08 +0100] "GET /test/toto HTTP/1.1" 200 -
127.0.0.1 - - [28/Dec/2018:10:28:24 +0100] "GET /test/toto HTTP/1.1" 200 -
127.0.0.1 - - [28/Dec/2018:10:28:27 +0100] "GET /test/toto HTTP/1.1" 200 -
127.0.0.1 - - [28/Dec/2018:10:28:27 +0100] "GET /test/toto HTTP/1.1" 200 -
127.0.0.1 - - [28/Dec/2018:10:28:28 +0100] "GET /test/toto HTTP/1.1" 200 -
127.0.0.1 - - [28/Dec/2018:10:28:28 +0100] "GET /test/toto HTTP/1.1" 200 -
0:0:0:0:0:0:0:1 - - [28/Dec/2018:10:29:59 +0100] "GET /test/toto HTTP/1.1" 500 3470
127.0.0.1 - - [28/Dec/2018:10:30:45 +0100] "GET / HTTP/1.1" 404 1036
127.0.0.1 - - [28/Dec/2018:10:30:46 +0100] "GET /test/toto HTTP/1.1" 500 3470
127.0.0.1 - - [28/Dec/2018:10:31:20 +0100] "GET / HTTP/1.1" 404 1036
0:0:0:0:0:0:0:1 - - [28/Dec/2018:10:31:33 +0100] "GET /test/test.jsp HTTP/1.1" 200 205
0:0:0:0:0:0:0:1 - - [28/Dec/2018:10:31:39 +0100] "GET /test/toto HTTP/1.1" 500 3470
0:0:0:0:0:0:0:1 - - [28/Dec/2018:10:31:59 +0100] "GET /test/toto HTTP/1.1" 404 1013
0:0:0:0:0:0:0:1 - - [28/Dec/2018:10:32:34 +0100] "GET /test/toto HTTP/1.1" 404 1013
0:0:0:0:0:0:0:1 - - [28/Dec/2018:10:32:37 +0100] "GET /test/toto HTTP/1.1" 404 1013
127.0.0.1 - - [28/Dec/2018:10:34:20 +0100] "GET / HTTP/1.1" 404 1036
127.0.0.1 - - [28/Dec/2018:10:34:22 +0100] "GET /test/toto HTTP/1.1" 200 205
0:0:0:0:0:0:0:1 - - [28/Dec/2018:10:34:26 +0100] "GET /test/toto HTTP/1.1" 200 205
127.0.0.1 - - [28/Dec/2018:10:37:01 +0100] "GET / HTTP/1.1" 404 1036
127.0.0.1 - - [28/Dec/2018:10:37:02 +0100] "GET /test/WEB-INF/test.jsp HTTP/1.1" 404 1013
0:0:0:0:0:0:0:1 - - [28/Dec/2018:10:37:11 +0100] "GET /test/toto HTTP/1.1" 200 252
127.0.0.1 - - [28/Dec/2018:10:39:43 +0100] "GET /test/WEB-INF/test.jsp HTTP/1.1" 404 1013
0:0:0:0:0:0:0:1 - - [28/Dec/2018:10:39:47 +0100] "GET /test/toto HTTP/1.1" 200 258
0:0:0:0:0:0:0:1 - - [28/Dec/2018:10:39:52 +0100] "GET /test/toto?auteur=hugo HTTP/1.1" 200 263
127.0.0.1 - - [28/Dec/2018:10:50:14 +0100] "GET / HTTP/1.1" 404 1036
127.0.0.1 - - [28/Dec/2018:10:50:15 +0100] "GET /test/WEB-INF/test.jsp HTTP/1.1" 404 1013
0:0:0:0:0:0:0:1 - - [28/Dec/2018:10:50:16 +0100] "GET /test/toto?auteur=hugo HTTP/1.1" 200 390
127.0.0.1 - - [28/Dec/2018:11:06:29 +0100] "GET /test/test-el.jsp HTTP/1.1" 200 133
0:0:0:0:0:0:0:1 - - [28/Dec/2018:11:06:36 +0100] "GET /test/test_el.jsp HTTP/1.1" 404 1052
127.0.0.1 - - [28/Dec/2018:11:06:56 +0100] "GET / HTTP/1.1" 404 1036
127.0.0.1 - - [28/Dec/2018:11:06:57 +0100] "GET /test/test-el.jsp HTTP/1.1" 200 1420
127.0.0.1 - - [28/Dec/2018:11:09:07 +0100] "GET /test/test-el.jsp HTTP/1.1" 200 1420
127.0.0.1 - - [28/Dec/2018:11:09:11 +0100] "GET /test/test-el.jsp HTTP/1.1" 200 1420
0:0:0:0:0:0:0:1 - - [28/Dec/2018:11:09:19 +0100] "GET /test/test_el.jsp HTTP/1.1" 404 1052
127.0.0.1 - - [28/Dec/2018:11:09:49 +0100] "GET / HTTP/1.1" 404 1036
127.0.0.1 - - [28/Dec/2018:11:10:13 +0100] "GET /test/test-el.jsp HTTP/1.1" 200 427
127.0.0.1 - - [28/Dec/2018:11:13:56 +0100] "GET /test/test-el.jsp HTTP/1.1" 200 427
127.0.0.1 - - [28/Dec/2018:11:14:03 +0100] "GET / HTTP/1.1" 404 1036
127.0.0.1 - - [28/Dec/2018:11:15:02 +0100] "GET /test/test-el.jsp HTTP/1.1" 200 553
127.0.0.1 - - [28/Dec/2018:11:25:13 +0100] "GET / HTTP/1.1" 404 1036
0:0:0:0:0:0:0:1 - - [28/Dec/2018:11:25:36 +0100] "GET /test/test_obj_impl.jsp?langue=fr&article=782 HTTP/1.1" 404 1058
127.0.0.1 - - [28/Dec/2018:11:26:03 +0100] "GET /test/testimpli.jsp HTTP/1.1" 200 133
127.0.0.1 - - [28/Dec/2018:11:26:15 +0100] "GET /test/testimpli.jsp HTTP/1.1" 200 235
0:0:0:0:0:0:0:1 - - [28/Dec/2018:11:26:23 +0100] "GET /test/test_obj_impl.jsp?langue=fr&article=782 HTTP/1.1" 404 1058
0:0:0:0:0:0:0:1 - - [28/Dec/2018:11:26:37 +0100] "GET /test/testimpli.jsp?langue=fr&article=782 HTTP/1.1" 200 232
127.0.0.1 - - [28/Dec/2018:11:27:44 +0100] "GET /test/testimpli.jsp HTTP/1.1" 200 235
0:0:0:0:0:0:0:1 - - [28/Dec/2018:11:27:54 +0100] "GET /test/testimpli.jsp?langue=fr&article=782 HTTP/1.1" 200 228
127.0.0.1 - - [28/Dec/2018:11:33:33 +0100] "GET /test/WEB-INF/test.jsp HTTP/1.1" 404 1013
127.0.0.1 - - [28/Dec/2018:11:34:19 +0100] "GET / HTTP/1.1" 404 1036
0:0:0:0:0:0:0:1 - - [28/Dec/2018:11:34:30 +0100] "GET /test/toto HTTP/1.1" 200 406
127.0.0.1 - - [28/Dec/2018:11:40:57 +0100] "GET / HTTP/1.1" 404 1036
127.0.0.1 - - [28/Dec/2018:11:40:57 +0100] "GET /test/WEB-INF/test.jsp HTTP/1.1" 404 1013
0:0:0:0:0:0:0:1 - - [28/Dec/2018:11:41:05 +0100] "GET /test/toto HTTP/1.1" 500 3626
127.0.0.1 - - [28/Dec/2018:11:41:23 +0100] "GET /test/toto HTTP/1.1" 404 1013
0:0:0:0:0:0:0:1 - - [28/Dec/2018:11:41:28 +0100] "GET /test/toto HTTP/1.1" 500 1813
127.0.0.1 - - [28/Dec/2018:11:43:31 +0100] "GET / HTTP/1.1" 404 1036
127.0.0.1 - - [28/Dec/2018:11:43:32 +0100] "GET /test/toto HTTP/1.1" 500 1748
0:0:0:0:0:0:0:1 - - [28/Dec/2018:11:43:41 +0100] "GET /test/toto HTTP/1.1" 500 1748
127.0.0.1 - - [28/Dec/2018:11:44:11 +0100] "GET /test/toto HTTP/1.1" 500 1748
0:0:0:0:0:0:0:1 - - [28/Dec/2018:11:44:15 +0100] "GET /test/toto HTTP/1.1" 500 1748
127.0.0.1 - - [28/Dec/2018:11:46:09 +0100] "GET / HTTP/1.1" 404 1036
127.0.0.1 - - [28/Dec/2018:11:46:11 +0100] "GET /test/toto HTTP/1.1" 200 519
127.0.0.1 - - [28/Dec/2018:13:53:52 +0100] "GET / HTTP/1.1" 404 1036
0:0:0:0:0:0:0:1 - - [28/Dec/2018:13:53:58 +0100] "GET /TestJSTL/test.jsp HTTP/1.1" 404 1053
0:0:0:0:0:0:0:1 - - [28/Dec/2018:13:53:59 +0100] "GET /favicon.ico HTTP/1.1" 404 1047
0:0:0:0:0:0:0:1 - - [28/Dec/2018:13:54:16 +0100] "GET /TestJSTL/test.jsp HTTP/1.1" 404 1053
0:0:0:0:0:0:0:1 - - [28/Dec/2018:13:54:16 +0100] "GET /TestJSTL/test.jsp HTTP/1.1" 404 1053
0:0:0:0:0:0:0:1 - - [28/Dec/2018:13:54:16 +0100] "GET /TestJSTL/test.jsp HTTP/1.1" 404 1053
0:0:0:0:0:0:0:1 - - [28/Dec/2018:13:54:16 +0100] "GET /TestJSTL/test.jsp HTTP/1.1" 404 1053
127.0.0.1 - - [28/Dec/2018:13:55:04 +0100] "GET /test/testjstl.html HTTP/1.1" 200 131
0:0:0:0:0:0:0:1 - - [28/Dec/2018:13:55:30 +0100] "GET /Test/testjstl.jsp HTTP/1.1" 404 1053
127.0.0.1 - - [28/Dec/2018:13:55:59 +0100] "GET /test/testjstl.html HTTP/1.1" 404 1054
127.0.0.1 - - [28/Dec/2018:13:56:01 +0100] "GET /test/testjstl.html HTTP/1.1" 404 1054
127.0.0.1 - - [28/Dec/2018:13:56:08 +0100] "GET / HTTP/1.1" 404 1036
0:0:0:0:0:0:0:1 - - [28/Dec/2018:13:56:22 +0100] "GET /Test/testjstl.jsp HTTP/1.1" 404 1053
0:0:0:0:0:0:0:1 - - [28/Dec/2018:13:56:23 +0100] "GET /Test/testjstl.jsp HTTP/1.1" 404 1053
0:0:0:0:0:0:0:1 - - [28/Dec/2018:13:56:23 +0100] "GET /Test/testjstl.jsp HTTP/1.1" 404 1053
0:0:0:0:0:0:0:1 - - [28/Dec/2018:13:56:28 +0100] "GET /Test/testjstl.jsp HTTP/1.1" 404 1053
0:0:0:0:0:0:0:1 - - [28/Dec/2018:13:56:35 +0100] "GET /test/testjstl.jsp HTTP/1.1" 200 162
